{
    "data": {
        "testRecipeRunById": {
            "test_Recipe_Run_Id": "1f8115e3-d20e-11eb-85b9-005056b27306",
            "recipe_Run_Id": "1f8115e2-d20e-11eb-85b9-005056b27306",
            "test_Number": 1,
            "recipeRun": {
                "recipe_Run_Id": "1f8115e2-d20e-11eb-85b9-005056b27306",
                "wafer_Size": 3000000000,
                "recipe_Name": "Temp\\sanity_21-06-2021_00-23-42"
            }
        }
    }
}